{"level":"info","message":"Starting user registration process","timestamp":"2026-02-28 20:45:39","user":{"email":"khaerul@gmail.com","name":"lutfi"}}
{"level":"error","message":"Unexpected error while execute register action: TypeError: fetch failed","timestamp":"2026-02-28 20:45:41"}
{"level":"info","message":"Starting user registration process","timestamp":"2026-02-28 20:45:45","user":{"email":"khaerul@gmail.com","name":"lutfi"}}
{"level":"error","message":"Unexpected error while execute register action: TypeError: fetch failed","timestamp":"2026-02-28 20:45:45"}
{"level":"info","message":"Starting user registration process","timestamp":"2026-02-28 20:45:46","user":{"email":"khaerul@gmail.com","name":"lutfi"}}
{"level":"error","message":"Unexpected error while execute register action: TypeError: fetch failed","timestamp":"2026-02-28 20:45:46"}
{"level":"info","message":"Starting user registration process","timestamp":"2026-02-28 20:45:46","user":{"email":"khaerul@gmail.com","name":"lutfi"}}
{"level":"error","message":"Unexpected error while execute register action: TypeError: fetch failed","timestamp":"2026-02-28 20:45:46"}
{"level":"info","message":"Starting user registration process","timestamp":"2026-02-28 20:45:46","user":{"email":"khaerul@gmail.com","name":"lutfi"}}
{"level":"error","message":"Unexpected error while execute register action: TypeError: fetch failed","timestamp":"2026-02-28 20:45:46"}
{"level":"info","message":"Starting user registration process","timestamp":"2026-02-28 20:45:46","user":{"email":"khaerul@gmail.com","name":"lutfi"}}
{"level":"error","message":"Unexpected error while execute register action: TypeError: fetch failed","timestamp":"2026-02-28 20:45:46"}
{"level":"info","message":"Starting user registration process","timestamp":"2026-02-28 20:45:46","user":{"email":"khaerul@gmail.com","name":"lutfi"}}
{"level":"error","message":"Unexpected error while execute register action: TypeError: fetch failed","timestamp":"2026-02-28 20:45:46"}
{"level":"info","message":"Starting user registration process","timestamp":"2026-02-28 20:45:46","user":{"email":"khaerul@gmail.com","name":"lutfi"}}
{"level":"error","message":"Unexpected error while execute register action: TypeError: fetch failed","timestamp":"2026-02-28 20:45:46"}
{"level":"info","message":"Starting user registration process","timestamp":"2026-02-28 20:45:46","user":{"email":"khaerul@gmail.com","name":"lutfi"}}
{"level":"error","message":"Unexpected error while execute register action: TypeError: fetch failed","timestamp":"2026-02-28 20:45:46"}
{"level":"info","message":"Starting user registration process","timestamp":"2026-02-28 20:45:46","user":{"email":"khaerul@gmail.com","name":"lutfi"}}
{"level":"error","message":"Unexpected error while execute register action: TypeError: fetch failed","timestamp":"2026-02-28 20:45:46"}
{"level":"info","message":"Starting user registration process","timestamp":"2026-02-28 20:45:47","user":{"email":"khaerul@gmail.com","name":"lutfi"}}
{"level":"error","message":"Unexpected error while execute register action: TypeError: fetch failed","timestamp":"2026-02-28 20:45:47"}
{"level":"info","message":"Starting user registration process","timestamp":"2026-02-28 20:45:47","user":{"email":"khaerul@gmail.com","name":"lutfi"}}
{"level":"error","message":"Unexpected error while execute register action: TypeError: fetch failed","timestamp":"2026-02-28 20:45:47"}
{"level":"info","message":"Starting user registration process","timestamp":"2026-02-28 20:45:47","user":{"email":"khaerul@gmail.com","name":"lutfi"}}
{"level":"error","message":"Unexpected error while execute register action: TypeError: fetch failed","timestamp":"2026-02-28 20:45:47"}
{"level":"info","message":"Starting user registration process","timestamp":"2026-02-28 20:45:47","user":{"email":"khaerul@gmail.com","name":"lutfi"}}
{"level":"error","message":"Unexpected error while execute register action: TypeError: fetch failed","timestamp":"2026-02-28 20:45:47"}
{"level":"info","message":"Starting user registration process","timestamp":"2026-02-28 20:45:47","user":{"email":"khaerul@gmail.com","name":"lutfi"}}
{"level":"error","message":"Unexpected error while execute register action: TypeError: fetch failed","timestamp":"2026-02-28 20:45:47"}
{"level":"info","message":"Starting user registration process","timestamp":"2026-02-28 20:45:47","user":{"email":"khaerul@gmail.com","name":"lutfi"}}
{"level":"error","message":"Unexpected error while execute register action: TypeError: fetch failed","timestamp":"2026-02-28 20:45:47"}
{"level":"info","message":"Starting user registration process","timestamp":"2026-02-28 20:45:48","user":{"email":"khaerul@gmail.com","name":"lutfi"}}
{"level":"error","message":"Unexpected error while execute register action: TypeError: fetch failed","timestamp":"2026-02-28 20:45:48"}
{"level":"info","message":"Starting user registration process","timestamp":"2026-02-28 20:45:48","user":{"email":"khaerul@gmail.com","name":"lutfi"}}
{"level":"error","message":"Unexpected error while execute register action: TypeError: fetch failed","timestamp":"2026-02-28 20:45:48"}
{"level":"info","message":"Starting user registration process","timestamp":"2026-02-28 20:45:48","user":{"email":"khaerul@gmail.com","name":"lutfi"}}
{"level":"error","message":"Unexpected error while execute register action: TypeError: fetch failed","timestamp":"2026-02-28 20:45:48"}
{"level":"info","message":"Starting user registration process","timestamp":"2026-02-28 20:45:48","user":{"email":"khaerul@gmail.com","name":"lutfi"}}
{"level":"error","message":"Unexpected error while execute register action: TypeError: fetch failed","timestamp":"2026-02-28 20:45:48"}
{"level":"info","message":"Starting user registration process","timestamp":"2026-02-28 20:45:48","user":{"email":"khaerul@gmail.com","name":"lutfi"}}
{"level":"error","message":"Unexpected error while execute register action: TypeError: fetch failed","timestamp":"2026-02-28 20:45:48"}
{"level":"info","message":"Starting user registration process","timestamp":"2026-02-28 20:45:48","user":{"email":"khaerul@gmail.com","name":"lutfi"}}
{"level":"error","message":"Unexpected error while execute register action: TypeError: fetch failed","timestamp":"2026-02-28 20:45:48"}
{"level":"info","message":"Starting user registration process","timestamp":"2026-02-28 20:45:48","user":{"email":"khaerul@gmail.com","name":"lutfi"}}
{"level":"error","message":"Unexpected error while execute register action: TypeError: fetch failed","timestamp":"2026-02-28 20:45:48"}
{"level":"info","message":"Starting user registration process","timestamp":"2026-02-28 20:45:49","user":{"email":"khaerul@gmail.com","name":"lutfi"}}
{"level":"error","message":"Unexpected error while execute register action: TypeError: fetch failed","timestamp":"2026-02-28 20:45:49"}
{"level":"info","message":"Starting user registration process","timestamp":"2026-02-28 20:45:49","user":{"email":"khaerul@gmail.com","name":"lutfi"}}
{"level":"error","message":"Unexpected error while execute register action: TypeError: fetch failed","timestamp":"2026-02-28 20:45:49"}
{"level":"info","message":"Starting user registration process","timestamp":"2026-02-28 20:45:49","user":{"email":"khaerul@gmail.com","name":"lutfi"}}
{"level":"error","message":"Unexpected error while execute register action: TypeError: fetch failed","timestamp":"2026-02-28 20:45:50"}
{"level":"info","message":"Starting user registration process","timestamp":"2026-02-28 20:45:50","user":{"email":"khaerul@gmail.com","name":"lutfi"}}
{"level":"error","message":"Unexpected error while execute register action: TypeError: fetch failed","timestamp":"2026-02-28 20:45:50"}
{"level":"info","message":"Starting user registration process","timestamp":"2026-02-28 20:45:50","user":{"email":"khaerul@gmail.com","name":"lutfi"}}
{"level":"error","message":"Unexpected error while execute register action: TypeError: fetch failed","timestamp":"2026-02-28 20:45:50"}
{"level":"info","message":"Starting user registration process","timestamp":"2026-02-28 20:45:50","user":{"email":"khaerul@gmail.com","name":"lutfi"}}
{"level":"error","message":"Unexpected error while execute register action: TypeError: fetch failed","timestamp":"2026-02-28 20:45:50"}
{"level":"info","message":"Starting user registration process","timestamp":"2026-02-28 20:45:50","user":{"email":"khaerul@gmail.com","name":"lutfi"}}
{"level":"error","message":"Unexpected error while execute register action: TypeError: fetch failed","timestamp":"2026-02-28 20:45:50"}
{"level":"info","message":"Starting user registration process","timestamp":"2026-02-28 20:45:50","user":{"email":"khaerul@gmail.com","name":"lutfi"}}
{"level":"error","message":"Unexpected error while execute register action: TypeError: fetch failed","timestamp":"2026-02-28 20:45:50"}
{"level":"info","message":"Starting user registration process","timestamp":"2026-02-28 20:45:50","user":{"email":"khaerul@gmail.com","name":"lutfi"}}
{"level":"error","message":"Unexpected error while execute register action: TypeError: fetch failed","timestamp":"2026-02-28 20:45:50"}
{"level":"info","message":"Starting user registration process","timestamp":"2026-02-28 20:45:51","user":{"email":"khaerul@gmail.com","name":"lutfi"}}
{"level":"error","message":"Unexpected error while execute register action: TypeError: fetch failed","timestamp":"2026-02-28 20:45:51"}
{"level":"info","message":"Starting user registration process","timestamp":"2026-02-28 20:45:51","user":{"email":"khaerul@gmail.com","name":"lutfi"}}
{"level":"error","message":"Unexpected error while execute register action: TypeError: fetch failed","timestamp":"2026-02-28 20:45:51"}
{"level":"info","message":"Starting user registration process","timestamp":"2026-02-28 20:45:51","user":{"email":"khaerul@gmail.com","name":"lutfi"}}
{"level":"error","message":"Unexpected error while execute register action: TypeError: fetch failed","timestamp":"2026-02-28 20:45:51"}
{"level":"info","message":"Starting user registration process","timestamp":"2026-02-28 20:45:52","user":{"email":"khaerul@gmail.com","name":"lutfi"}}
{"level":"error","message":"Unexpected error while execute register action: TypeError: fetch failed","timestamp":"2026-02-28 20:45:52"}
{"level":"info","message":"Starting user registration process","timestamp":"2026-02-28 20:45:52","user":{"email":"khaerul@gmail.com","name":"lutfi"}}
{"level":"error","message":"Unexpected error while execute register action: TypeError: fetch failed","timestamp":"2026-02-28 20:45:52"}
{"level":"info","message":"Starting user registration process","timestamp":"2026-02-28 20:45:52","user":{"email":"khaerul@gmail.com","name":"lutfi"}}
{"level":"error","message":"Unexpected error while execute register action: TypeError: fetch failed","timestamp":"2026-02-28 20:45:52"}
{"level":"info","message":"Starting user registration process","timestamp":"2026-02-28 20:45:52","user":{"email":"khaerul@gmail.com","name":"lutfi"}}
{"level":"error","message":"Unexpected error while execute register action: TypeError: fetch failed","timestamp":"2026-02-28 20:45:52"}
{"level":"info","message":"Starting user registration process","timestamp":"2026-02-28 20:45:52","user":{"email":"khaerul@gmail.com","name":"lutfi"}}
{"level":"error","message":"Unexpected error while execute register action: TypeError: fetch failed","timestamp":"2026-02-28 20:45:52"}
{"level":"info","message":"Starting user registration process","timestamp":"2026-02-28 20:45:52","user":{"email":"khaerul@gmail.com","name":"lutfi"}}
{"level":"error","message":"Unexpected error while execute register action: TypeError: fetch failed","timestamp":"2026-02-28 20:45:52"}
{"level":"info","message":"Starting user registration process","timestamp":"2026-02-28 20:45:52","user":{"email":"khaerul@gmail.com","name":"lutfi"}}
{"level":"error","message":"Unexpected error while execute register action: TypeError: fetch failed","timestamp":"2026-02-28 20:45:52"}
{"level":"info","message":"Starting user registration process","timestamp":"2026-02-28 20:45:52","user":{"email":"khaerul@gmail.com","name":"lutfi"}}
{"level":"error","message":"Unexpected error while execute register action: TypeError: fetch failed","timestamp":"2026-02-28 20:45:52"}
{"level":"info","message":"Starting user registration process","timestamp":"2026-02-28 20:45:53","user":{"email":"khaerul@gmail.com","name":"lutfi"}}
{"level":"error","message":"Unexpected error while execute register action: TypeError: fetch failed","timestamp":"2026-02-28 20:45:53"}
{"level":"info","message":"Starting user registration process","timestamp":"2026-02-28 20:45:53","user":{"email":"khaerul@gmail.com","name":"lutfi"}}
{"level":"error","message":"Unexpected error while execute register action: TypeError: fetch failed","timestamp":"2026-02-28 20:45:53"}
{"level":"info","message":"Starting user registration process","timestamp":"2026-02-28 20:45:53","user":{"email":"khaerul@gmail.com","name":"lutfi"}}
{"level":"error","message":"Unexpected error while execute register action: TypeError: fetch failed","timestamp":"2026-02-28 20:45:53"}
{"level":"info","message":"Starting user registration process","timestamp":"2026-02-28 20:45:54","user":{"email":"khaerul@gmail.com","name":"lutfi"}}
{"level":"error","message":"Unexpected error while execute register action: TypeError: fetch failed","timestamp":"2026-02-28 20:45:54"}
{"level":"info","message":"Starting user registration process","timestamp":"2026-02-28 20:45:55","user":{"email":"khaerul@gmail.com","name":"lutfi"}}
{"level":"error","message":"Unexpected error while execute register action: TypeError: fetch failed","timestamp":"2026-02-28 20:45:55"}
{"level":"info","message":"Starting user registration process","timestamp":"2026-02-28 20:45:55","user":{"email":"khaerul@gmail.com","name":"lutfi"}}
{"level":"error","message":"Unexpected error while execute register action: TypeError: fetch failed","timestamp":"2026-02-28 20:45:55"}
{"level":"info","message":"Starting user registration process","timestamp":"2026-02-28 20:45:55","user":{"email":"khaerul@gmail.com","name":"lutfi"}}
{"level":"error","message":"Unexpected error while execute register action: TypeError: fetch failed","timestamp":"2026-02-28 20:45:56"}
{"level":"info","message":"Starting user registration process","timestamp":"2026-02-28 20:45:56","user":{"email":"khaerul@gmail.com","name":"lutfi"}}
{"level":"error","message":"Unexpected error while execute register action: TypeError: fetch failed","timestamp":"2026-02-28 20:45:56"}
{"level":"info","message":"Starting user registration process","timestamp":"2026-02-28 20:45:56","user":{"email":"khaerul@gmail.com","name":"lutfi"}}
{"level":"error","message":"Unexpected error while execute register action: TypeError: fetch failed","timestamp":"2026-02-28 20:45:56"}
{"level":"info","message":"Starting user registration process","timestamp":"2026-02-28 20:45:56","user":{"email":"khaerul@gmail.com","name":"lutfi"}}
{"level":"error","message":"Unexpected error while execute register action: TypeError: fetch failed","timestamp":"2026-02-28 20:45:56"}
{"level":"info","message":"Starting user registration process","timestamp":"2026-02-28 20:45:56","user":{"email":"khaerul@gmail.com","name":"lutfi"}}
{"level":"error","message":"Unexpected error while execute register action: TypeError: fetch failed","timestamp":"2026-02-28 20:45:56"}
{"level":"info","message":"Starting user registration process","timestamp":"2026-02-28 20:45:56","user":{"email":"khaerul@gmail.com","name":"lutfi"}}
{"level":"error","message":"Unexpected error while execute register action: TypeError: fetch failed","timestamp":"2026-02-28 20:45:57"}
{"level":"info","message":"Starting user registration process","timestamp":"2026-02-28 20:45:57","user":{"email":"khaerul@gmail.com","name":"lutfi"}}
{"level":"error","message":"Unexpected error while execute register action: TypeError: fetch failed","timestamp":"2026-02-28 20:45:57"}
{"level":"info","message":"Starting user registration process","timestamp":"2026-02-28 20:45:57","user":{"email":"khaerul@gmail.com","name":"lutfi"}}
{"level":"error","message":"Unexpected error while execute register action: TypeError: fetch failed","timestamp":"2026-02-28 20:45:57"}
{"level":"info","message":"Starting user registration process","timestamp":"2026-02-28 20:45:57","user":{"email":"khaerul@gmail.com","name":"lutfi"}}
{"level":"error","message":"Unexpected error while execute register action: TypeError: fetch failed","timestamp":"2026-02-28 20:45:57"}
{"level":"info","message":"Starting user registration process","timestamp":"2026-02-28 20:45:58","user":{"email":"khaerul@gmail.com","name":"lutfi"}}
{"level":"error","message":"Unexpected error while execute register action: TypeError: fetch failed","timestamp":"2026-02-28 20:45:58"}
{"level":"info","message":"Starting user registration process","timestamp":"2026-02-28 20:45:58","user":{"email":"khaerul@gmail.com","name":"lutfi"}}
{"level":"error","message":"Unexpected error while execute register action: TypeError: fetch failed","timestamp":"2026-02-28 20:45:58"}
{"level":"info","message":"Starting user registration process","timestamp":"2026-02-28 20:45:58","user":{"email":"khaerul@gmail.com","name":"lutfi"}}
{"level":"error","message":"Unexpected error while execute register action: TypeError: fetch failed","timestamp":"2026-02-28 20:45:58"}
{"level":"info","message":"Starting user registration process","timestamp":"2026-02-28 20:45:58","user":{"email":"khaerul@gmail.com","name":"lutfi"}}
{"level":"error","message":"Unexpected error while execute register action: TypeError: fetch failed","timestamp":"2026-02-28 20:45:58"}
{"level":"info","message":"Starting user registration process","timestamp":"2026-02-28 20:45:58","user":{"email":"khaerul@gmail.com","name":"lutfi"}}
{"level":"error","message":"Unexpected error while execute register action: TypeError: fetch failed","timestamp":"2026-02-28 20:45:58"}
{"level":"info","message":"Starting user registration process","timestamp":"2026-02-28 20:45:58","user":{"email":"khaerul@gmail.com","name":"lutfi"}}
{"level":"error","message":"Unexpected error while execute register action: TypeError: fetch failed","timestamp":"2026-02-28 20:45:58"}
{"level":"info","message":"Starting user registration process","timestamp":"2026-02-28 20:45:59","user":{"email":"khaerul@gmail.com","name":"lutfi"}}
{"level":"error","message":"Unexpected error while execute register action: TypeError: fetch failed","timestamp":"2026-02-28 20:45:59"}
{"level":"info","message":"Starting user registration process","timestamp":"2026-02-28 20:45:59","user":{"email":"khaerul@gmail.com","name":"lutfi"}}
{"level":"error","message":"Unexpected error while execute register action: TypeError: fetch failed","timestamp":"2026-02-28 20:45:59"}
{"level":"info","message":"Starting user registration process","timestamp":"2026-02-28 20:45:59","user":{"email":"khaerul@gmail.com","name":"lutfi"}}
{"level":"error","message":"Unexpected error while execute register action: TypeError: fetch failed","timestamp":"2026-02-28 20:45:59"}
{"level":"info","message":"Starting user registration process","timestamp":"2026-02-28 20:45:59","user":{"email":"khaerul@gmail.com","name":"lutfi"}}
{"level":"error","message":"Unexpected error while execute register action: TypeError: fetch failed","timestamp":"2026-02-28 20:45:59"}
{"level":"info","message":"Starting user registration process","timestamp":"2026-02-28 20:45:59","user":{"email":"khaerul@gmail.com","name":"lutfi"}}
{"level":"error","message":"Unexpected error while execute register action: TypeError: fetch failed","timestamp":"2026-02-28 20:46:00"}
{"level":"info","message":"Starting user registration process","timestamp":"2026-02-28 20:46:00","user":{"email":"khaerul@gmail.com","name":"lutfi"}}
{"level":"error","message":"Unexpected error while execute register action: TypeError: fetch failed","timestamp":"2026-02-28 20:46:00"}
{"level":"info","message":"Starting user registration process","timestamp":"2026-02-28 20:46:00","user":{"email":"khaerul@gmail.com","name":"lutfi"}}
{"level":"error","message":"Unexpected error while execute register action: TypeError: fetch failed","timestamp":"2026-02-28 20:46:00"}
{"level":"info","message":"Starting user registration process","timestamp":"2026-02-28 20:46:00","user":{"email":"khaerul@gmail.com","name":"lutfi"}}
{"level":"error","message":"Unexpected error while execute register action: TypeError: fetch failed","timestamp":"2026-02-28 20:46:00"}
{"level":"info","message":"Starting user registration process","timestamp":"2026-02-28 20:46:00","user":{"email":"khaerul@gmail.com","name":"lutfi"}}
{"level":"error","message":"Unexpected error while execute register action: TypeError: fetch failed","timestamp":"2026-02-28 20:46:00"}
{"level":"info","message":"Starting user registration process","timestamp":"2026-02-28 20:46:00","user":{"email":"khaerul@gmail.com","name":"lutfi"}}
{"level":"error","message":"Unexpected error while execute register action: TypeError: fetch failed","timestamp":"2026-02-28 20:46:00"}
{"level":"info","message":"Starting user registration process","timestamp":"2026-02-28 20:46:01","user":{"email":"khaerul@gmail.com","name":"lutfi"}}
{"level":"error","message":"Unexpected error while execute register action: TypeError: fetch failed","timestamp":"2026-02-28 20:46:01"}
{"level":"info","message":"Starting user registration process","timestamp":"2026-02-28 20:46:01","user":{"email":"khaerul@gmail.com","name":"lutfi"}}
{"level":"error","message":"Unexpected error while execute register action: TypeError: fetch failed","timestamp":"2026-02-28 20:46:01"}
{"level":"info","message":"Starting user registration process","timestamp":"2026-02-28 20:46:01","user":{"email":"khaerul@gmail.com","name":"lutfi"}}
{"level":"error","message":"Unexpected error while execute register action: TypeError: fetch failed","timestamp":"2026-02-28 20:46:01"}
{"level":"info","message":"Starting user registration process","timestamp":"2026-02-28 20:46:01","user":{"email":"khaerul@gmail.com","name":"lutfi"}}
{"level":"error","message":"Unexpected error while execute register action: TypeError: fetch failed","timestamp":"2026-02-28 20:46:01"}
{"level":"info","message":"Starting user registration process","timestamp":"2026-02-28 20:46:02","user":{"email":"khaerul@gmail.com","name":"lutfi"}}
{"level":"error","message":"Unexpected error while execute register action: TypeError: fetch failed","timestamp":"2026-02-28 20:46:02"}
{"level":"info","message":"Starting user registration process","timestamp":"2026-02-28 20:46:02","user":{"email":"khaerul@gmail.com","name":"lutfi"}}
{"level":"error","message":"Unexpected error while execute register action: TypeError: fetch failed","timestamp":"2026-02-28 20:46:02"}
{"level":"info","message":"Starting user registration process","timestamp":"2026-02-28 20:46:02","user":{"email":"khaerul@gmail.com","name":"lutfi"}}
{"level":"error","message":"Unexpected error while execute register action: TypeError: fetch failed","timestamp":"2026-02-28 20:46:02"}
{"level":"info","message":"Starting user registration process","timestamp":"2026-02-28 20:46:02","user":{"email":"khaerul@gmail.com","name":"lutfi"}}
{"level":"error","message":"Unexpected error while execute register action: TypeError: fetch failed","timestamp":"2026-02-28 20:46:02"}
{"level":"info","message":"Starting user registration process","timestamp":"2026-02-28 20:46:02","user":{"email":"khaerul@gmail.com","name":"lutfi"}}
{"level":"error","message":"Unexpected error while execute register action: TypeError: fetch failed","timestamp":"2026-02-28 20:46:02"}
{"level":"info","message":"Starting user registration process","timestamp":"2026-02-28 20:46:02","user":{"email":"khaerul@gmail.com","name":"lutfi"}}
{"level":"error","message":"Unexpected error while execute register action: TypeError: fetch failed","timestamp":"2026-02-28 20:46:02"}
{"level":"info","message":"Starting user registration process","timestamp":"2026-02-28 20:46:03","user":{"email":"khaerul@gmail.com","name":"lutfi"}}
{"level":"error","message":"Unexpected error while execute register action: TypeError: fetch failed","timestamp":"2026-02-28 20:46:03"}
{"level":"info","message":"Starting user registration process","timestamp":"2026-02-28 20:46:03","user":{"email":"khaerul@gmail.com","name":"lutfi"}}
{"level":"error","message":"Unexpected error while execute register action: TypeError: fetch failed","timestamp":"2026-02-28 20:46:03"}
{"level":"info","message":"Starting user registration process","timestamp":"2026-02-28 20:46:03","user":{"email":"khaerul@gmail.com","name":"lutfi"}}
{"level":"error","message":"Unexpected error while execute register action: TypeError: fetch failed","timestamp":"2026-02-28 20:46:03"}
{"level":"info","message":"Starting user registration process","timestamp":"2026-02-28 20:46:03","user":{"email":"khaerul@gmail.com","name":"lutfi"}}
{"level":"error","message":"Unexpected error while execute register action: TypeError: fetch failed","timestamp":"2026-02-28 20:46:03"}
{"level":"info","message":"Starting user registration process","timestamp":"2026-02-28 20:46:03","user":{"email":"khaerul@gmail.com","name":"lutfi"}}
{"level":"error","message":"Unexpected error while execute register action: TypeError: fetch failed","timestamp":"2026-02-28 20:46:03"}
{"level":"info","message":"Starting user registration process","timestamp":"2026-02-28 20:46:04","user":{"email":"khaerul@gmail.com","name":"lutfi"}}
{"level":"error","message":"Unexpected error while execute register action: TypeError: fetch failed","timestamp":"2026-02-28 20:46:04"}
{"level":"info","message":"Starting user registration process","timestamp":"2026-02-28 20:46:04","user":{"email":"khaerul@gmail.com","name":"lutfi"}}
{"level":"error","message":"Unexpected error while execute register action: TypeError: fetch failed","timestamp":"2026-02-28 20:46:04"}
{"level":"info","message":"Starting user registration process","timestamp":"2026-02-28 20:46:04","user":{"email":"khaerul@gmail.com","name":"lutfi"}}
{"level":"error","message":"Unexpected error while execute register action: TypeError: fetch failed","timestamp":"2026-02-28 20:46:04"}
{"level":"info","message":"Starting user registration process","timestamp":"2026-02-28 20:46:04","user":{"email":"khaerul@gmail.com","name":"lutfi"}}
{"level":"error","message":"Unexpected error while execute register action: TypeError: fetch failed","timestamp":"2026-02-28 20:46:04"}
{"level":"info","message":"Starting user registration process","timestamp":"2026-02-28 20:46:04","user":{"email":"khaerul@gmail.com","name":"lutfi"}}
{"level":"error","message":"Unexpected error while execute register action: TypeError: fetch failed","timestamp":"2026-02-28 20:46:04"}
{"level":"info","message":"Starting user registration process","timestamp":"2026-02-28 20:46:05","user":{"email":"khaerul@gmail.com","name":"lutfi"}}
{"level":"error","message":"Unexpected error while execute register action: TypeError: fetch failed","timestamp":"2026-02-28 20:46:05"}
{"level":"info","message":"Starting user registration process","timestamp":"2026-02-28 20:46:05","user":{"email":"khaerul@gmail.com","name":"lutfi"}}
{"level":"error","message":"Unexpected error while execute register action: TypeError: fetch failed","timestamp":"2026-02-28 20:46:05"}
{"level":"info","message":"Starting user registration process","timestamp":"2026-02-28 20:46:05","user":{"email":"khaerul@gmail.com","name":"lutfi"}}
{"level":"error","message":"Unexpected error while execute register action: TypeError: fetch failed","timestamp":"2026-02-28 20:46:05"}
{"level":"info","message":"Starting user registration process","timestamp":"2026-02-28 20:46:05","user":{"email":"khaerul@gmail.com","name":"lutfi"}}
{"level":"error","message":"Unexpected error while execute register action: TypeError: fetch failed","timestamp":"2026-02-28 20:46:05"}
{"level":"info","message":"Starting user registration process","timestamp":"2026-02-28 20:46:05","user":{"email":"khaerul@gmail.com","name":"lutfi"}}
{"level":"error","message":"Unexpected error while execute register action: TypeError: fetch failed","timestamp":"2026-02-28 20:46:05"}
{"level":"info","message":"Starting user registration process","timestamp":"2026-02-28 20:46:05","user":{"email":"khaerul@gmail.com","name":"lutfi"}}
{"level":"error","message":"Unexpected error while execute register action: TypeError: fetch failed","timestamp":"2026-02-28 20:46:05"}
{"level":"info","message":"Starting user registration process","timestamp":"2026-02-28 20:46:05","user":{"email":"khaerul@gmail.com","name":"lutfi"}}
{"level":"error","message":"Unexpected error while execute register action: TypeError: fetch failed","timestamp":"2026-02-28 20:46:05"}
{"level":"info","message":"Starting user registration process","timestamp":"2026-02-28 20:46:06","user":{"email":"khaerul@gmail.com","name":"lutfi"}}
{"level":"error","message":"Unexpected error while execute register action: TypeError: fetch failed","timestamp":"2026-02-28 20:46:06"}
{"level":"info","message":"Starting user registration process","timestamp":"2026-02-28 20:46:06","user":{"email":"khaerul@gmail.com","name":"lutfi"}}
{"level":"error","message":"Unexpected error while execute register action: TypeError: fetch failed","timestamp":"2026-02-28 20:46:06"}
{"level":"info","message":"Starting user registration process","timestamp":"2026-02-28 20:46:06","user":{"email":"khaerul@gmail.com","name":"lutfi"}}
{"level":"error","message":"Unexpected error while execute register action: TypeError: fetch failed","timestamp":"2026-02-28 20:46:06"}
{"level":"info","message":"Starting user registration process","timestamp":"2026-02-28 20:46:06","user":{"email":"khaerul@gmail.com","name":"lutfi"}}
{"level":"error","message":"Unexpected error while execute register action: TypeError: fetch failed","timestamp":"2026-02-28 20:46:06"}
{"level":"info","message":"Starting user registration process","timestamp":"2026-02-28 20:46:06","user":{"email":"khaerul@gmail.com","name":"lutfi"}}
{"level":"error","message":"Unexpected error while execute register action: TypeError: fetch failed","timestamp":"2026-02-28 20:46:06"}
{"level":"info","message":"Starting user registration process","timestamp":"2026-02-28 20:46:06","user":{"email":"khaerul@gmail.com","name":"lutfi"}}
{"level":"error","message":"Unexpected error while execute register action: TypeError: fetch failed","timestamp":"2026-02-28 20:46:06"}
{"level":"info","message":"Starting user registration process","timestamp":"2026-02-28 20:46:06","user":{"email":"khaerul@gmail.com","name":"lutfi"}}
{"level":"error","message":"Unexpected error while execute register action: TypeError: fetch failed","timestamp":"2026-02-28 20:46:07"}
{"level":"info","message":"Starting user registration process","timestamp":"2026-02-28 20:56:06","user":{"email":"khaerul@gmail.com","name":"lutfi"}}
{"level":"info","message":"Starting user registration process","timestamp":"2026-02-28 20:57:10","user":{"email":"khaerul1234@gmail.com","name":"lutfi"}}
{"level":"info","message":"Starting user registration process","timestamp":"2026-02-28 21:19:11","user":{"email":"khaerullutfi028@gmail.com","name":"Khaerul's Team"}}
{"level":"error","message":"Unexpected error while execute register action: TypeError: __TURBOPACK__imported__module__$5b$project$5d2f$frontend$2f$lib$2f$logger$2e$ts__$5b$app$2d$rsc$5d$__$28$ecmascript$29$__.logger.warning is not a function","timestamp":"2026-02-28 21:19:12"}
{"level":"info","message":"Starting user registration process","timestamp":"2026-02-28 21:20:04","user":{"email":"khaerullutfi028@gmail.com","name":"Khaerul's Team"}}
{"level":"warn","message":"User registration failed with email khaerullutfi028@gmail.com","timestamp":"2026-02-28 21:20:04"}
{"level":"info","message":"Starting user registration process","timestamp":"2026-02-28 21:20:19","user":{"email":"khaerullutfi028@gmail.com","name":"khaerul lutfi"}}
{"level":"info","message":"User registration is successfully with email khaerullutfi028@gmail.com","timestamp":"2026-02-28 21:20:21"}
{"level":"warn","message":"Validation Failed","timestamp":"2026-02-28 21:49:51"}
{"email":"rusdi@gmail.com","level":"info","message":"Starting user login process","timestamp":"2026-02-28 21:50:26"}
{"level":"warn","message":"User login is failed with email rusdi@gmail.com","timestamp":"2026-02-28 21:50:27"}
{"level":"warn","message":"Validation Failed","timestamp":"2026-02-28 21:50:54"}
{"email":"khaerul123@gmail.com","level":"info","message":"Starting user login process","timestamp":"2026-02-28 21:51:13"}
{"level":"warn","message":"User login is failed with email khaerul123@gmail.com","timestamp":"2026-02-28 21:51:14"}
{"email":"khaerul123@gmail.com","level":"info","message":"Starting user login process","timestamp":"2026-02-28 21:51:32"}
{"level":"info","message":"User login is successfully with email khaerul123@gmail.com","timestamp":"2026-02-28 21:51:33"}
{"level":"warn","message":"Validation failed","timestamp":"2026-02-28 22:10:37"}
{"email":"khaerullutfi028@gmail.com","level":"info","message":"Starting user login process","timestamp":"2026-03-01 10:37:07"}
{"level":"info","message":"User login is successfully with email khaerullutfi028@gmail.com","timestamp":"2026-03-01 10:37:13"}
{"email":"khaerullutfi028@gmail.com","level":"info","message":"Starting user login process","timestamp":"2026-03-01 10:43:37"}
{"level":"info","message":"User login is successfully with email khaerullutfi028@gmail.com","timestamp":"2026-03-01 10:43:40"}
{"email":"khaerullutfi028@gmail.com","level":"info","message":"Starting user login process","timestamp":"2026-03-01 10:53:22"}
{"level":"info","message":"User login is successfully with email khaerullutfi028@gmail.com","timestamp":"2026-03-01 10:53:27"}
{"email":"khaerullutfi028@gmail.com","level":"info","message":"Starting user login process","timestamp":"2026-03-01 11:10:24"}
{"level":"info","message":"User login is successfully with email khaerullutfi028@gmail.com","timestamp":"2026-03-01 11:10:26"}
{"email":"khaerul123@gmail.com","level":"info","message":"Starting user login process","timestamp":"2026-03-02 11:57:29"}
{"level":"info","message":"User login is successfully with email khaerul123@gmail.com","timestamp":"2026-03-02 11:57:33"}
{"email":"khaerul123@gmail.com","level":"info","message":"Starting user login process","timestamp":"2026-03-02 13:05:58"}
{"level":"info","message":"User login is successfully with email khaerul123@gmail.com","timestamp":"2026-03-02 13:06:00"}
{"email":"khaerul123@gmail.com","level":"info","message":"Starting user login process","timestamp":"2026-03-03 22:33:02"}
{"level":"info","message":"User login is successfully with email khaerul123@gmail.com","timestamp":"2026-03-03 22:33:04"}
{"email":"khaerul123@gmail.com","level":"info","message":"Starting user login process","timestamp":"2026-03-08 10:46:17"}
{"level":"info","message":"User login is successfully with email khaerul123@gmail.com","timestamp":"2026-03-08 10:46:20"}
{"email":"khaerul123@gmail.com","level":"info","message":"Starting user login process","timestamp":"2026-03-08 11:00:00"}
{"level":"info","message":"User login is successfully with email khaerul123@gmail.com","timestamp":"2026-03-08 11:00:03"}
{"email":"khaerul123@gmail.com","level":"info","message":"Starting user login process","timestamp":"2026-03-10 14:58:54"}
{"level":"info","message":"User login is successfully with email khaerul123@gmail.com","timestamp":"2026-03-10 14:59:03"}
{"email":"khaerul123@gmail.com","level":"info","message":"Starting user login process","timestamp":"2026-03-11 10:04:53"}
{"level":"error","message":"Unexpected error while execute register action: TypeError: fetch failed","timestamp":"2026-03-11 10:04:53"}
{"email":"khaerul123@gmail.com","level":"info","message":"Starting user login process","timestamp":"2026-03-11 10:06:06"}
{"level":"info","message":"User login is successfully with email khaerul123@gmail.com","timestamp":"2026-03-11 10:06:09"}
{"email":"khaerul123@gmail.com","level":"info","message":"Starting user login process","timestamp":"2026-03-11 10:49:32"}
{"level":"info","message":"User login is successfully with email khaerul123@gmail.com","timestamp":"2026-03-11 10:49:36"}
{"email":"khaerul123@gmail.com","level":"info","message":"Starting user login process","timestamp":"2026-03-11 21:33:03"}
{"level":"info","message":"User login is successfully with email khaerul123@gmail.com","timestamp":"2026-03-11 21:33:28"}
{"email":"khaerullutfi028@gmail.com","level":"info","message":"Starting user login process","timestamp":"2026-03-23 20:06:08"}
{"level":"info","message":"User login is successfully with email khaerullutfi028@gmail.com","timestamp":"2026-03-23 20:06:10"}
{"email":"khaerul123@gmail.com","level":"info","message":"Starting user login process","timestamp":"2026-03-23 20:07:12"}
{"level":"info","message":"User login is successfully with email khaerul123@gmail.com","timestamp":"2026-03-23 20:07:13"}
{"email":"khaerul123@gmail.com","level":"info","message":"Starting user login process","timestamp":"2026-03-27 19:14:27"}
{"level":"info","message":"User login is successfully with email khaerul123@gmail.com","timestamp":"2026-03-27 19:14:33"}
{"email":"khaerul123@gmail.com","level":"info","message":"Starting user login process","timestamp":"2026-03-30 19:05:12"}
{"level":"info","message":"User login is successfully with email khaerul123@gmail.com","timestamp":"2026-03-30 19:05:16"}
{"email":"khaerul123@gmail.com","level":"info","message":"Starting user login process","timestamp":"2026-05-23 10:46:03"}
{"level":"info","message":"User login is successfully with email khaerul123@gmail.com","timestamp":"2026-05-23 10:46:05"}
{"email":"khaerul123@gmail.com","level":"info","message":"Starting user login process","timestamp":"2026-05-24 10:26:45"}
{"level":"info","message":"User login is successfully with email khaerul123@gmail.com","timestamp":"2026-05-24 10:26:49"}
{"email":"khaerul123@gmail.com","level":"info","message":"Starting user login process","timestamp":"2026-05-24 10:29:03"}
{"level":"info","message":"User login is successfully with email khaerul123@gmail.com","timestamp":"2026-05-24 10:29:23"}
{"email":"khaerul123@gmail.com","level":"info","message":"Starting user login process","timestamp":"2026-05-24 10:33:10"}
{"level":"info","message":"User login is successfully with email khaerul123@gmail.com","timestamp":"2026-05-24 10:33:11"}
{"email":"khaerul123@gmail.com","level":"info","message":"Starting user login process","timestamp":"2026-05-28 20:01:17"}
{"level":"info","message":"User login is successfully with email khaerul123@gmail.com","timestamp":"2026-05-28 20:01:19"}
{"email":"khaerul123@gmail.com","level":"info","message":"Starting user login process","timestamp":"2026-05-30 19:59:46"}
{"level":"info","message":"User login is successfully with email khaerul123@gmail.com","timestamp":"2026-05-30 19:59:49"}
{"email":"khaerul123@gmail.com","level":"info","message":"Starting user login process","timestamp":"2026-06-08 19:04:01"}
{"level":"info","message":"User login is successfully with email khaerul123@gmail.com","timestamp":"2026-06-08 19:04:04"}
{"email":"khaerul123@gmail.com","level":"info","message":"Starting user login process","timestamp":"2026-06-12 15:45:54"}
{"level":"info","message":"User login is successfully with email khaerul123@gmail.com","timestamp":"2026-06-12 15:45:56"}
{"level":"info","message":"Starting user registration process","timestamp":"2026-06-12 15:50:46","user":{"email":"khaerul1234@gmail.com","name":"Khaerul Lutfi"}}
{"level":"warn","message":"User registration failed with email khaerul1234@gmail.com","timestamp":"2026-06-12 15:50:46"}
{"level":"info","message":"Starting user registration process","timestamp":"2026-06-12 15:51:31","user":{"email":"khaerullutfi24@gmail.com","name":"Khaerul Lutfi"}}
{"level":"info","message":"User registration is successfully with email khaerullutfi24@gmail.com","timestamp":"2026-06-12 15:51:32"}
{"email":"khaerullutfi24@gmail.com","level":"info","message":"Starting user login process","timestamp":"2026-06-12 15:51:49"}
{"level":"info","message":"User login is successfully with email khaerullutfi24@gmail.com","timestamp":"2026-06-12 15:51:50"}
{"email":"khaerul123@gmail.com","level":"info","message":"Starting user login process","timestamp":"2026-06-12 15:55:49"}
{"level":"info","message":"User login is successfully with email khaerul123@gmail.com","timestamp":"2026-06-12 15:55:50"}
{"email":"khaerullutfi24@gmail.com","level":"info","message":"Starting user login process","timestamp":"2026-06-13 08:52:26"}
{"level":"info","message":"User login is successfully with email khaerullutfi24@gmail.com","timestamp":"2026-06-13 08:52:28"}
{"email":"khaerul123@gmail.com","level":"info","message":"Starting user login process","timestamp":"2026-06-13 09:03:12"}
{"level":"info","message":"User login is successfully with email khaerul123@gmail.com","timestamp":"2026-06-13 09:03:13"}
{"email":"khaerullutfi028@gmail.com","level":"info","message":"Starting user login process","timestamp":"2026-06-13 09:03:49"}
{"level":"info","message":"User login is successfully with email khaerullutfi028@gmail.com","timestamp":"2026-06-13 09:03:50"}
{"email":"khaerullutfi024@gmail.com","level":"info","message":"Starting user login process","timestamp":"2026-06-13 09:07:33"}
{"level":"warn","message":"User login is failed with email khaerullutfi024@gmail.com","timestamp":"2026-06-13 09:07:33"}
{"email":"khaerullutfi24@gmail.com","level":"info","message":"Starting user login process","timestamp":"2026-06-13 09:07:52"}
{"level":"info","message":"User login is successfully with email khaerullutfi24@gmail.com","timestamp":"2026-06-13 09:07:53"}
{"email":"khaerullutfi24@gmail.com","level":"info","message":"Starting user login process","timestamp":"2026-06-13 09:30:15"}
{"level":"info","message":"User login is successfully with email khaerullutfi24@gmail.com","timestamp":"2026-06-13 09:30:18"}
{"email":"khaerul123@gmail.com","level":"info","message":"Starting user login process","timestamp":"2026-06-13 09:32:36"}
{"level":"info","message":"User login is successfully with email khaerul123@gmail.com","timestamp":"2026-06-13 09:32:38"}
{"email":"khaerul123@gmail.com","level":"info","message":"Starting user login process","timestamp":"2026-06-13 11:36:49"}
{"level":"info","message":"User login is successfully with email khaerul123@gmail.com","timestamp":"2026-06-13 11:36:51"}
{"email":"khaerullutfi24@gmail.com","level":"info","message":"Starting user login process","timestamp":"2026-06-13 11:48:39"}
{"level":"info","message":"User login is successfully with email khaerullutfi24@gmail.com","timestamp":"2026-06-13 11:48:41"}
{"email":"khaerul123@gmail.com","level":"info","message":"Starting user login process","timestamp":"2026-06-13 11:58:39"}
{"level":"info","message":"User login is successfully with email khaerul123@gmail.com","timestamp":"2026-06-13 11:58:42"}
{"email":"khaerullutfi24@gmail.com","level":"info","message":"Starting user login process","timestamp":"2026-06-13 12:01:55"}
{"level":"info","message":"User login is successfully with email khaerullutfi24@gmail.com","timestamp":"2026-06-13 12:01:57"}
{"email":"khaerul123@gmail.com","level":"info","message":"Starting user login process","timestamp":"2026-06-13 12:23:47"}
{"level":"info","message":"User login is successfully with email khaerul123@gmail.com","timestamp":"2026-06-13 12:23:48"}
{"email":"khaerul123@gmail.com","level":"info","message":"Starting user login process","timestamp":"2026-06-13 15:44:34"}
{"level":"info","message":"User login is successfully with email khaerul123@gmail.com","timestamp":"2026-06-13 15:44:37"}
{"email":"khaerul123@gmail.com","level":"info","message":"Starting user login process","timestamp":"2026-06-13 19:03:35"}
{"level":"info","message":"User login is successfully with email khaerul123@gmail.com","timestamp":"2026-06-13 19:03:37"}
{"email":"khaerullutfi24@gmail.com","level":"info","message":"Starting user login process","timestamp":"2026-06-13 21:40:57"}
{"level":"info","message":"User login is successfully with email khaerullutfi24@gmail.com","timestamp":"2026-06-13 21:40:59"}
{"level":"info","message":"Starting user registration process","timestamp":"2026-06-13 21:41:35","user":{"email":"john@gmail.com","name":"John cena"}}
{"level":"info","message":"User registration is successfully with email john@gmail.com","timestamp":"2026-06-13 21:41:36"}
{"email":"john@gmail.com","level":"info","message":"Starting user login process","timestamp":"2026-06-13 21:41:53"}
{"level":"info","message":"User login is successfully with email john@gmail.com","timestamp":"2026-06-13 21:41:54"}
{"email":"khaerul123@gmail.com","level":"info","message":"Starting user login process","timestamp":"2026-06-13 21:44:27"}
{"level":"info","message":"User login is successfully with email khaerul123@gmail.com","timestamp":"2026-06-13 21:44:28"}
{"email":"john@gmail.com","level":"info","message":"Starting user login process","timestamp":"2026-06-14 20:32:30"}
{"level":"info","message":"User login is successfully with email john@gmail.com","timestamp":"2026-06-14 20:32:34"}
{"email":"khaerul123@gmail.com","level":"info","message":"Starting user login process","timestamp":"2026-06-14 20:38:45"}
{"level":"info","message":"User login is successfully with email khaerul123@gmail.com","timestamp":"2026-06-14 20:38:46"}
{"email":"khaerul123@gmail.com","level":"info","message":"Starting user login process","timestamp":"2026-06-24 10:40:17"}
{"level":"info","message":"User login is successfully with email khaerul123@gmail.com","timestamp":"2026-06-24 10:40:20"}
{"email":"khaerul123@gmail.com","level":"info","message":"Starting user login process","timestamp":"2026-07-23 13:29:31"}
{"level":"info","message":"User login is successfully with email khaerul123@gmail.com","timestamp":"2026-07-23 13:29:34"}
{"email":"khaerul123@gmail.com","level":"info","message":"Starting user login process","timestamp":"2026-07-23 13:52:17"}
{"level":"info","message":"User login is successfully with email khaerul123@gmail.com","timestamp":"2026-07-23 13:52:18"}
{"email":"khaerul123@gmail.com","level":"info","message":"Starting user login process","timestamp":"2026-07-23 18:36:04"}
{"level":"info","message":"User login is successfully with email khaerul123@gmail.com","timestamp":"2026-07-23 18:36:06"}
